D:/A. HOCTAP/HocSTM32/CMSIS/CMSIS/Include/core_cm4.h:1688:22:__NVIC_EnableIRQ	16	static
../Src/main.c:39:6:gpio_setup	4	static
../Src/main.c:69:6:TIM1_PWM_Init	4	static
../Src/main.c:92:6:Set_frq_duty_cycle_TIM1	16	static
../Src/main.c:97:6:DelayMs	16	static
../Src/main.c:104:6:Timer_init	4	static
../Src/main.c:112:6:Ext_init_PB7	8	static,ignoring_inline_asm
../Src/main.c:123:6:EXTI9_5_IRQHandler	4	static
../Src/main.c:132:6:button_1	8	static
../Src/main.c:157:6:Ext_init_PB3	8	static,ignoring_inline_asm
../Src/main.c:168:6:EXTI3_IRQHandler	4	static
../Src/main.c:179:6:button_2	8	static
../Src/main.c:205:6:Ext_init_PB4	8	static,ignoring_inline_asm
../Src/main.c:216:6:EXTI4_IRQHandler	4	static
../Src/main.c:228:6:button_3	4	static
../Src/main.c:244:6:Ext_init_PA15	8	static,ignoring_inline_asm
../Src/main.c:255:6:EXTI15_10_IRQHandler	4	static
../Src/main.c:266:6:button_4	4	static
../Src/main.c:281:6:init_uart1	4	static
../Src/main.c:294:6:send_char	16	static
../Src/main.c:299:6:send_string	16	static
../Src/main.c:307:6:adc_init	4	static
../Src/main.c:319:5:main	16	static
